auxiliary scripts: null
certificates: null
collateral inputs:
- c9765d7d0e3955be8920e6d7a38e1f3f2032eac48c7c59b0b9193caa87727e7e#256
era: Alonzo
fee: 213 Lovelace
inputs:
- ed7c8f68c194cc763ee65ad22ef0973e26481be058c65005fd39fb93f9c43a20#212
metadata: null
mint: null
outputs: []
update proposal: null
validity range:
  lower bound: null
  upper bound: null
withdrawals: null
witnesses:
- key: VKey (VerKeyEd25519DSIGN "84ce03e08b05533685d593c14cd6ca5c7485824156ca11fb303ddac9dd3ef41c")
  signature: SignedDSIGN (SigEd25519DSIGN "43ba6ad41b2999d0601918fdd1119e040260116b5b554fbf0a6db576cbe9663a0ede19d9f6767e067900b32e9c0f61b4894379e0e9db8fcaf2fe0aa6b260830a")
witnesses-extra (payment key hashes needed for scripts): null
